---
source: loomgui_core/tests/snapshot.rs
assertion_line: 74
expression: json
---
[
  {
    "node_id": 4097,
    "parent_id": null,
    "visible": true,
    "alpha": 1.0,
    "grayed": false,
    "color_tint": [
      1.0,
      1.0,
      1.0,
      1.0
    ],
    "world_matrix": [
      1.0,
      0.0,
      0.0,
      1.0,
      0.0,
      0.0
    ],
    "blend": "Normal",
    "mask_context": 0,
    "sort_key": 1,
    "payload": {
      "Mesh": {
        "verts": [
          [
            0.0,
            0.0
          ],
          [
            300.0,
            0.0
          ],
          [
            300.0,
            200.0
          ],
          [
            0.0,
            200.0
          ],
          [
            0.0,
            0.0
          ],
          [
            100.0,
            0.0
          ],
          [
            100.0,
            80.0
          ],
          [
            0.0,
            80.0
          ]
        ],
        "uvs": [
          [
            0.0,
            1.0
          ],
          [
            1.0,
            1.0
          ],
          [
            1.0,
            0.0
          ],
          [
            0.0,
            0.0
          ],
          [
            0.0,
            1.0
          ],
          [
            1.0,
            1.0
          ],
          [
            1.0,
            0.0
          ],
          [
            0.0,
            0.0
          ]
        ],
        "colors": [
          [
            0.0,
            0.0,
            0.0,
            0.0
          ],
          [
            0.0,
            0.0,
            0.0,
            0.0
          ],
          [
            0.0,
            0.0,
            0.0,
            0.0
          ],
          [
            0.0,
            0.0,
            0.0,
            0.0
          ],
          [
            1.0,
            1.0,
            1.0,
            1.0
          ],
          [
            1.0,
            1.0,
            1.0,
            1.0
          ],
          [
            1.0,
            1.0,
            1.0,
            1.0
          ],
          [
            1.0,
            1.0,
            1.0,
            1.0
          ]
        ],
        "indices": [
          0,
          1,
          2,
          0,
          2,
          3,
          4,
          5,
          6,
          4,
          6,
          7
        ],
        "texture": 0,
        "program": 0,
        "color_matrix": [
          0.0,
          0.0,
          0.0,
          0.0,
          0.0,
          0.0,
          0.0,
          0.0,
          0.0,
          0.0,
          0.0,
          0.0,
          0.0,
          0.0,
          0.0,
          0.0,
          0.0,
          0.0,
          0.0,
          0.0
        ]
      }
    }
  }
]
